%!Adobe-FontList 1.14
%Locale:0x240a

%BeginFont
Handler:DirectoryHandler
FontType:Invalid
OutlineFileName:C:\os\Nube\Dropbox\Photos\Website template CAEE\Font\cd-iconspc-webfont.eot
FileModTime:1355793138
%EndFont

%BeginFont
Handler:DirectoryHandler
FontType:Invalid
OutlineFileName:C:\os\Nube\Dropbox\Photos\Website template CAEE\Font\cd-iconspc-webfont.svg
FileModTime:1355793138
%EndFont

%BeginFont
Handler:DirectoryHandler
FontType:TrueType
FontName:CD-Icons
FamilyName:CD-Icons
StyleName:Regular
FullName:CD-Icons Regular
MenuName:CD-Icons
StyleBits:0
WritingScript:Roman
OutlineFileName:C:\os\Nube\Dropbox\Photos\Website template CAEE\Font\cd-iconspc-webfont.ttf
DataFormat:sfntData
FileLength:85508
FileModTime:1355793138
WeightClass:400
WidthClass:5
AngleClass:0
%EndFont

%BeginFont
Handler:DirectoryHandler
FontType:Invalid
OutlineFileName:C:\os\Nube\Dropbox\Photos\Website template CAEE\Font\cd-iconspc-webfont.woff
FileModTime:1355793138
%EndFont

%BeginFont
Handler:DirectoryHandler
FontType:Invalid
OutlineFileName:C:\os\Nube\Dropbox\Photos\Website template CAEE\Font\lato-black-webfont.eot
FileModTime:1355793138
%EndFont

%BeginFont
Handler:DirectoryHandler
FontType:Invalid
OutlineFileName:C:\os\Nube\Dropbox\Photos\Website template CAEE\Font\lato-black-webfont.svg
FileModTime:1355793138
%EndFont

%BeginFont
Handler:DirectoryHandler
FontType:TrueType
FontName:Lato-Black
FamilyName:Lato
StyleName:Black
FullName:Lato Black Regular
MenuName:Lato Black
StyleBits:2
WritingScript:Roman
OutlineFileName:C:\os\Nube\Dropbox\Photos\Website template CAEE\Font\lato-black-webfont.ttf
DataFormat:sfntData
FileLength:52424
FileModTime:1355793138
WeightClass:900
WidthClass:5
AngleClass:0
%EndFont

%BeginFont
Handler:DirectoryHandler
FontType:Invalid
OutlineFileName:C:\os\Nube\Dropbox\Photos\Website template CAEE\Font\lato-black-webfont.woff
FileModTime:1355793138
%EndFont

%BeginFont
Handler:DirectoryHandler
FontType:Invalid
OutlineFileName:C:\os\Nube\Dropbox\Photos\Website template CAEE\Font\lato-blackitalic-webfont.eot
FileModTime:1355793138
%EndFont

%BeginFont
Handler:DirectoryHandler
FontType:Invalid
OutlineFileName:C:\os\Nube\Dropbox\Photos\Website template CAEE\Font\lato-blackitalic-webfont.svg
FileModTime:1355793138
%EndFont

%BeginFont
Handler:DirectoryHandler
FontType:TrueType
FontName:Lato-BlackItalic
FamilyName:Lato
StyleName:Black Italic
FullName:Lato Black Italic
MenuName:Lato Black
StyleBits:3
WritingScript:Roman
OutlineFileName:C:\os\Nube\Dropbox\Photos\Website template CAEE\Font\lato-blackitalic-webfont.ttf
DataFormat:sfntData
FileLength:44464
FileModTime:1355793138
WeightClass:900
WidthClass:5
AngleClass:1
%EndFont

%BeginFont
Handler:DirectoryHandler
FontType:Invalid
OutlineFileName:C:\os\Nube\Dropbox\Photos\Website template CAEE\Font\lato-blackitalic-webfont.woff
FileModTime:1355793138
%EndFont

%BeginFont
Handler:DirectoryHandler
FontType:Invalid
OutlineFileName:C:\os\Nube\Dropbox\Photos\Website template CAEE\Font\lato-bold-webfont.eot
FileModTime:1355793270
%EndFont

%BeginFont
Handler:DirectoryHandler
FontType:Invalid
OutlineFileName:C:\os\Nube\Dropbox\Photos\Website template CAEE\Font\lato-bold-webfont.svg
FileModTime:1355793270
%EndFont

%BeginFont
Handler:DirectoryHandler
FontType:TrueType
FontName:Lato-Bold
FamilyName:Lato
StyleName:Bold
FullName:Lato Bold
MenuName:Lato
StyleBits:2
WritingScript:Roman
OutlineFileName:C:\os\Nube\Dropbox\Photos\Website template CAEE\Font\lato-bold-webfont.ttf
DataFormat:sfntData
FileLength:53408
FileModTime:1355793270
WeightClass:700
WidthClass:5
AngleClass:0
%EndFont

%BeginFont
Handler:DirectoryHandler
FontType:Invalid
OutlineFileName:C:\os\Nube\Dropbox\Photos\Website template CAEE\Font\lato-bold-webfont.woff
FileModTime:1355793270
%EndFont

%BeginFont
Handler:DirectoryHandler
FontType:Invalid
OutlineFileName:C:\os\Nube\Dropbox\Photos\Website template CAEE\Font\lato-bolditalic-webfont.eot
FileModTime:1355793270
%EndFont

%BeginFont
Handler:DirectoryHandler
FontType:Invalid
OutlineFileName:C:\os\Nube\Dropbox\Photos\Website template CAEE\Font\lato-bolditalic-webfont.svg
FileModTime:1355793270
%EndFont

%BeginFont
Handler:DirectoryHandler
FontType:TrueType
FontName:Lato-BoldItalic
FamilyName:Lato
StyleName:Bold Italic
FullName:Lato Bold Italic
MenuName:Lato
StyleBits:3
WritingScript:Roman
OutlineFileName:C:\os\Nube\Dropbox\Photos\Website template CAEE\Font\lato-bolditalic-webfont.ttf
DataFormat:sfntData
FileLength:47032
FileModTime:1355793270
WeightClass:700
WidthClass:5
AngleClass:1
%EndFont

%BeginFont
Handler:DirectoryHandler
FontType:Invalid
OutlineFileName:C:\os\Nube\Dropbox\Photos\Website template CAEE\Font\lato-bolditalic-webfont.woff
FileModTime:1355793270
%EndFont

%BeginFont
Handler:DirectoryHandler
FontType:Invalid
OutlineFileName:C:\os\Nube\Dropbox\Photos\Website template CAEE\Font\lato-italic-webfont.eot
FileModTime:1355793270
%EndFont

%BeginFont
Handler:DirectoryHandler
FontType:Invalid
OutlineFileName:C:\os\Nube\Dropbox\Photos\Website template CAEE\Font\lato-italic-webfont.svg
FileModTime:1355793270
%EndFont

%BeginFont
Handler:DirectoryHandler
FontType:TrueType
FontName:Lato-Italic
FamilyName:Lato
StyleName:Italic
FullName:Lato Italic
MenuName:Lato
StyleBits:1
WritingScript:Roman
OutlineFileName:C:\os\Nube\Dropbox\Photos\Website template CAEE\Font\lato-italic-webfont.ttf
DataFormat:sfntData
FileLength:45316
FileModTime:1355793270
WeightClass:400
WidthClass:5
AngleClass:1
%EndFont

%BeginFont
Handler:DirectoryHandler
FontType:Invalid
OutlineFileName:C:\os\Nube\Dropbox\Photos\Website template CAEE\Font\lato-italic-webfont.woff
FileModTime:1355793270
%EndFont

%BeginFont
Handler:DirectoryHandler
FontType:Invalid
OutlineFileName:C:\os\Nube\Dropbox\Photos\Website template CAEE\Font\lato-light-webfont.eot
FileModTime:1355793348
%EndFont

%BeginFont
Handler:DirectoryHandler
FontType:Invalid
OutlineFileName:C:\os\Nube\Dropbox\Photos\Website template CAEE\Font\lato-light-webfont.svg
FileModTime:1355793348
%EndFont

%BeginFont
Handler:DirectoryHandler
FontType:TrueType
FontName:Lato-Light
FamilyName:Lato
StyleName:Light
FullName:Lato Light Regular
MenuName:Lato Light
StyleBits:0
WritingScript:Roman
OutlineFileName:C:\os\Nube\Dropbox\Photos\Website template CAEE\Font\lato-light-webfont.ttf
DataFormat:sfntData
FileLength:51928
FileModTime:1355793348
WeightClass:300
WidthClass:5
AngleClass:0
%EndFont

%BeginFont
Handler:DirectoryHandler
FontType:Invalid
OutlineFileName:C:\os\Nube\Dropbox\Photos\Website template CAEE\Font\lato-light-webfont.woff
FileModTime:1355793348
%EndFont

%BeginFont
Handler:DirectoryHandler
FontType:Invalid
OutlineFileName:C:\os\Nube\Dropbox\Photos\Website template CAEE\Font\lato-lightitalic-webfont.eot
FileModTime:1355793348
%EndFont

%BeginFont
Handler:DirectoryHandler
FontType:Invalid
OutlineFileName:C:\os\Nube\Dropbox\Photos\Website template CAEE\Font\lato-lightitalic-webfont.svg
FileModTime:1355793348
%EndFont

%BeginFont
Handler:DirectoryHandler
FontType:TrueType
FontName:Lato-LightItalic
FamilyName:Lato
StyleName:Light Italic
FullName:Lato Light Italic
MenuName:Lato Light
StyleBits:1
WritingScript:Roman
OutlineFileName:C:\os\Nube\Dropbox\Photos\Website template CAEE\Font\lato-lightitalic-webfont.ttf
DataFormat:sfntData
FileLength:44476
FileModTime:1355793348
WeightClass:300
WidthClass:5
AngleClass:1
%EndFont

%BeginFont
Handler:DirectoryHandler
FontType:Invalid
OutlineFileName:C:\os\Nube\Dropbox\Photos\Website template CAEE\Font\lato-lightitalic-webfont.woff
FileModTime:1355793348
%EndFont

%BeginFont
Handler:DirectoryHandler
FontType:Invalid
OutlineFileName:C:\os\Nube\Dropbox\Photos\Website template CAEE\Font\lato-regular-webfont.eot
FileModTime:1355793348
%EndFont

%BeginFont
Handler:DirectoryHandler
FontType:Invalid
OutlineFileName:C:\os\Nube\Dropbox\Photos\Website template CAEE\Font\lato-regular-webfont.svg
FileModTime:1355793348
%EndFont

%BeginFont
Handler:DirectoryHandler
FontType:TrueType
FontName:Lato-Regular
FamilyName:Lato
StyleName:Regular
FullName:Lato Regular
MenuName:Lato
StyleBits:0
WritingScript:Roman
OutlineFileName:C:\os\Nube\Dropbox\Photos\Website template CAEE\Font\lato-regular-webfont.ttf
DataFormat:sfntData
FileLength:52776
FileModTime:1355793348
WeightClass:400
WidthClass:5
AngleClass:0
%EndFont

%BeginFont
Handler:DirectoryHandler
FontType:Invalid
OutlineFileName:C:\os\Nube\Dropbox\Photos\Website template CAEE\Font\lato-regular-webfont.woff
FileModTime:1355793348
%EndFont

%BeginFont
Handler:DirectoryHandler
FontType:Invalid
OutlineFileName:C:\os\Nube\Dropbox\Photos\Website template CAEE\Font\stylesheet.css
FileModTime:1355793348
%EndFont

